[1m案 C (enter で確定した後)[0m
 pro-con (producer-consumer)  mock: claude は起動しない。表示は模擬データ
  global 11 │ dotfiles 10    config の外の repo のカード 1 枚は global にだけ出る
 [38;5;214m[1m/ glogx[0m[38;5;214m 3/11 枚[0m  │ 依頼 1  着手待ち 3  作業中 2  質問待ち 1  レビュー 0  完了 4 │ 最古の待ち 13分 │ PG 2/2 │ PM 1/1 作業中 C-002 │ dispatcher 0秒前 │ ⚠ issue 化待ち 1
────────────────────────────────────────────────────────────────────────────────────────────────────────────────────────────────────────────────────────────────
╭─ ▶ 1 依頼 (1) ────────╮ ╭─   2 着手待ち (3) ────╮ ╭─   3 作業中 (2) ──────╮ ╭─   4 質問待ち (1) ────╮ ╭─   5 レビュー (0) ────╮ ╭─   6 完了 (4) ────────╮
│                       │ │                       │ │                       │ │                       │ │                       │ │                       │
│[38;5;239m C-002 ?確認 statusline[0m│ │[38;5;239m C-003 #921 tmux-to 3pt[0m│ │[38;5;239m C-005 #415 pro-con 5pt[0m│ │[38;5;239m C-007 #923 zsh の  2pt[0m│ │                       │ │[38;5;239m C-010 #901 av1ify  3pt[0m│
│[38;5;239m の色を issue にするか [0m│ │[38;5;239m ast の通知が重なる    [0m│ │[38;5;239m のカンバン幅の調整    [0m│ │[38;5;239m 起動が遅い            [0m│ │                       │ │[38;5;239m の失敗時に再開できない[0m│
│[38;5;239m PM 分解中 ▸ Bash: pro…[0m│ │[38;5;239m 13分                  [0m│ │[38;5;239m ⠦ 16分                [0m│ │[38;5;239m ?質問 PM 知らせ待ち 1…[0m│ │                       │ │[38;5;239m                       [0m│
│                       │ │                       │ │                       │ │                       │ │                       │ │                       │
│                       │ │[38;5;239m C-004 #922 av1ify  1pt[0m│ │[38;5;239m C-006 #912 実機 E2 2pt[0m│ │                       │ │                       │ │[38;5;239m C-009 direnv は入れる [0m│
│                       │ │[38;5;239m のログ出力を整理      [0m│ │[38;5;239m E で再生テスト        [0m│ │                       │ │                       │ │[38;5;239m べき？                [0m│
│                       │ │[38;5;239m 9分                   [0m│ │[38;5;239m …device 2番目 7分     [0m│ │                       │ │                       │ │[38;5;239m issueなし:回答済み    [0m│
│                       │ │                       │ │                       │ │                       │ │                       │ │                       │
│                       │ │ C-001 #931 [38;5;214m[1mglogx[0m の di│ │                       │ │                       │ │                       │ │ C-011 [38;5;214m[1mglogx[0m にコミット│
│                       │ │ ff で日本語ファイル名…│ │                       │ │                       │ │                       │ │ 検索が欲しい          │
│                       │ │ 0秒                   │ │                       │ │                       │ │                       │ │ ⚠issue化待ち          │
│                       │ │                       │ │                       │ │                       │ │                       │ │                       │
│                       │ │                       │ │                       │ │                       │ │                       │ │ C-008 #924 [38;5;214m[1mglogx[0m   8pt│
│                       │ │                       │ │                       │ │                       │ │                       │ │ の起動時間短縮        │
│                       │ │                       │ │                       │ │                       │ │                       │ │                       │
│                       │ │                       │ │                       │ │                       │ │                       │ │                       │
│                       │ │                       │ │                       │ │                       │ │                       │ │                       │
│                       │ │                       │ │                       │ │                       │ │                       │ │                       │
│                       │ │                       │ │                       │ │                       │ │                       │ │                       │
│                       │ │                       │ │                       │ │                       │ │                       │ │                       │
│                       │ │                       │ │                       │ │                       │ │                       │ │                       │
│                       │ │                       │ │                       │ │                       │ │                       │ │                       │
│                       │ │                       │ │                       │ │                       │ │                       │ │                       │
│                       │ │                       │ │                       │ │                       │ │                       │ │                       │
╰───────────────────────╯ ╰───────────────────────╯ ╰───────────────────────╯ ╰───────────────────────╯ ╰───────────────────────╯ ╰───────────────────────╯




 / 検索を直す  esc 絞り込みをやめる  hjkl 選択  enter 詳細  a attach  r 回答  e issue を開く  Q 終了
