案 A (幅 100) / 確認 Y
[38;5;202m╭─ [0m[1missue を選んで依頼する — dotfiles[0m[38;5;202m ─────────────────────────────────────────────────────────────╮[0m
[38;5;202m│[0m ▸ epic 415 #415 PM / PG 分離の設計  [2m(未完了の子 4 · カードあり 3)[0m                                [0m[38;5;202m│[0m
                     [38;5;202m╭─ [0m#537 はもうカードがある[38;5;202m ──────────────────────────────╮[0m
                     [38;5;202m│ [0m                                                      [38;5;202m │[0m
                     [38;5;202m│ [0m[38;5;46m[1mC-090[0m [38;5;46m作業中[0m  issue の一覧で、既にカードになっている  [38;5;202m │[0m
                     [38;5;202m│ [0m                                                      [38;5;202m │[0m
                     [38;5;202m│ [0m[1m[38;5;214mそれでも新しい依頼として足す?[0m                         [38;5;202m │[0m
                     [38;5;202m│ [0m                                                      [38;5;202m │[0m
                     [38;5;202m│ [0m[38;5;244my 足す (補足の入力へ)   他のキー 一覧へ戻る[0m           [38;5;202m │[0m
                     [38;5;202m╰────────────────────────────────────────────────────────╯[0m
[38;5;202m│[0m #531 ci-log が paths filter の赤を見落とす  [2mopen[0m                                                 [0m[38;5;202m│[0m
[38;5;202m│[0m #533 zsh の起動を 50ms 速くする  [2mopen[0m                                                            [0m[38;5;202m│[0m
[38;5;202m╰──────────────────────────────────────────────────────────────────────────────────────────────────╯[0m
