案 C (幅 70)
[38;5;202m╭─ [0m[1missue を選んで依頼する — dotfiles[0m[38;5;202m ───────────────────────────────╮[0m
[38;5;202m│[0m ▸ epic 415 #415 PM / PG 分離の設計  [2m(未完了の子 4 · カードあり 3)[0m  [0m[38;5;202m│[0m
[38;5;202m│[0m     #511 [48;5;46m[38;5;16m C-081 作業中 [0m issue の一覧から足した時点で issue …  [2mnext[0m [0m[38;5;202m│[0m
[38;5;202m│[0m     #536 [48;5;250m[38;5;16m C-089 着手待ち [0m レビューの列に入ったら PG の sessi…  [2mopen[0m[0m[38;5;202m│[0m
[38;5;202m│[0m[38;5;202m▌[0m[1m    #537 [48;5;46m[38;5;16m C-090 作業中 [0m issue の一覧で、既にカードになってい…  [2mnext[0m[0m[38;5;202m│[0m
[38;5;202m│[0m     #540 設定画面の並びを見直す  [2mopen[0m                              [0m[38;5;202m│[0m
[38;5;202m│[0m #498 [2m[完了 C-070][0m PM が依頼について人に聞く問いを画面に出す  [2mopen[0m  [0m[38;5;202m│[0m
[38;5;202m│[0m #520 tmux のセッション復元で窓の順番が崩れる  [2mopen[0m                 [0m[38;5;202m│[0m
[38;5;202m│[0m #524 [48;5;208m[38;5;16m C-075 レビュー [0m [48;5;214m[38;5;16m C-088 質問待ち [0m glogx の diff で改名…  [2mopen[0m [0m[38;5;202m│[0m
[38;5;202m│[0m #529 statusline の利用枠の表示を短くする  [2mopen[0m                     [0m[38;5;202m│[0m
[38;5;202m│[0m #531 ci-log が paths filter の赤を見落とす  [2mopen[0m                   [0m[38;5;202m│[0m
[38;5;202m│[0m #533 zsh の起動を 50ms 速くする  [2mopen[0m                              [0m[38;5;202m│[0m
[38;5;202m╰────────────────────────────────────────────────────────────────────╯[0m
